#-----------------------------------------------------------
# Webtalk v2020.2 (64-bit)
# SW Build 3064766 on Wed Nov 18 09:12:45 MST 2020
# IP Build 3064653 on Wed Nov 18 14:17:31 MST 2020
# Start of session at: Sat Sep 28 13:35:29 2024
# Process ID: 20612
# Current directory: D:/work/Arcade+Projects/atari_pokey/FPGA/Prototype/Prototype/Prototype.sim/sim_1/synth/func/xsim
# Command line: wbtcv.exe -mode batch -source D:/work/Arcade+Projects/atari_pokey/FPGA/Prototype/Prototype/Prototype.sim/sim_1/synth/func/xsim/xsim.dir/POKEY_Top_func_synth/webtalk/xsim_webtalk.tcl -notrace
# Log file: D:/work/Arcade+Projects/atari_pokey/FPGA/Prototype/Prototype/Prototype.sim/sim_1/synth/func/xsim/webtalk.log
# Journal file: D:/work/Arcade+Projects/atari_pokey/FPGA/Prototype/Prototype/Prototype.sim/sim_1/synth/func/xsim\webtalk.jou
#-----------------------------------------------------------
source D:/work/Arcade+Projects/atari_pokey/FPGA/Prototype/Prototype/Prototype.sim/sim_1/synth/func/xsim/xsim.dir/POKEY_Top_func_synth/webtalk/xsim_webtalk.tcl -notrace
