# Synopsys Constraint Checker, version maplat, Build 1612R, built Dec  5 2016
# Copyright (C) 1994-2016 Synopsys, Inc. All rights reserved. This Synopsys software and all associated documentation are proprietary to Synopsys, Inc. and may only be used pursuant to the terms and conditions of a written license agreement with Synopsys, Inc. All other use, reproduction, modification, or distribution of the Synopsys software or the associated documentation is strictly prohibited.

# Written on Sat Oct 12 16:47:54 2024


##### DESIGN INFO #######################################################

Top View:                "POKEY_Top"
Constraint File(s):      (none)




##### SUMMARY ############################################################

Found 0 issues in 0 out of 0 constraints


##### DETAILS ############################################################



Clock Relationships
*******************

Starting                                      Ending                                        |     rise to rise     |     fall to fall     |     rise to fall     |     fall to rise                     
-------------------------------------------------------------------------------------------------------------------------------------------------------------------------------------------------------
POKEY_Top|clk179                              Prototype2_pll|PLLOUTGLOBAL_derived_clock     |     Diff grp         |     Diff grp         |     No paths         |     No paths                         
Prototype2_pll|PLLOUTGLOBAL_derived_clock     Prototype2_pll|PLLOUTGLOBAL_derived_clock     |     408.047          |     408.047          |     204.023          |     204.023                          
=======================================================================================================================================================================================================
 Note: 'No paths' indicates there are no paths in the design for that pair of clock edges.
       'Diff grp' indicates that paths exist but the starting clock and ending clock are in different clock groups.


Unconstrained Start/End Points
******************************

p:OE
p:a[0]
p:a[1]
p:a[2]
p:a[3]
p:audio[0]
p:audio[1]
p:audio[2]
p:audio[3]
p:audio[4]
p:audio[5]
p:bclki
p:bclko
p:cs[0]
p:cs[1]
p:d[0] (bidir end point)
p:d[0] (bidir start point)
p:d[1] (bidir end point)
p:d[1] (bidir start point)
p:d[2] (bidir end point)
p:d[2] (bidir start point)
p:d[3] (bidir end point)
p:d[3] (bidir start point)
p:d[4] (bidir end point)
p:d[4] (bidir start point)
p:d[5] (bidir end point)
p:d[5] (bidir start point)
p:d[6] (bidir end point)
p:d[6] (bidir start point)
p:d[7] (bidir end point)
p:d[7] (bidir start point)
p:dump
p:irq
p:k[0]
p:k[1]
p:k[2]
p:k[3]
p:k[4]
p:k[5]
p:kr[1]
p:kr[2]
p:oclk
p:p[0]
p:p[1]
p:p[2]
p:p[3]
p:p[4]
p:p[5]
p:p[6]
p:p[7]
p:rw
p:sid
p:sod


Inapplicable constraints
************************

(none)


Applicable constraints with issues
**********************************

(none)


Constraints with matching wildcard expressions
**********************************************

(none)


Library Report
**************


# End of Constraint Checker Report
